// Jest Snapshot v1, https://goo.gl/fbAQLP

exports[`MenuModal renders correctly 1`] = `<Connect(MenuForm) />`;
