// Jest Snapshot v1, https://goo.gl/fbAQLP

exports[`Link renders correctly 1`] = `
<button
  className="link-btn null"
  id={null}
  onClick={[MockFunction]}
>
  Click
</button>
`;
