// Jest Snapshot v1, https://goo.gl/fbAQLP

exports[`Notification renders correctly 1`] = `
<div
  className="notification-pill"
>
  <p
    className="text-center notif"
  >
    Hi, you rock
  </p>
</div>
`;
