// Jest Snapshot v1, https://goo.gl/fbAQLP

exports[`Welcome renders correctly when authenticated and user role is caterer 1`] = `
<Connect(Dashboard)
  user={
    Object {
      "businessAddress": "$, Herbert Macaulay Way, Yaba, Lagos",
      "businessName": "Food Circle",
      "businessPhoneNo": "+2348166557788",
      "email": "food@circle.com",
      "id": "a09a5570-a3b2-4e21-94c3-5cf483dbd1ac",
      "role": "caterer",
    }
  }
/>
`;

exports[`Welcome renders correctly when authenticating 1`] = `
<Preloader
  type="user"
/>
`;

exports[`Welcome renders correctly when unauthenticated 1`] = `
<React.Fragment>
  <Header
    dateType={null}
    showTime={true}
    type="home"
  />
  <div
    className="main-wrapper home"
  >
    <div
      className="landing"
    >
      <h1>
        Delicious Meals At Your Fingertips
      </h1>
      <a
        href="/signin"
      >
        <button
          className="btn btn-pri"
        >
          I'M HUNGRY
        </button>
      </a>
    </div>
  </div>
  <Footer />
</React.Fragment>
`;
