// Jest Snapshot v1, https://goo.gl/fbAQLP

exports[`Footer renders correctly 1`] = `
<div
  className="footer"
>
  <p>
    Â© 2018. Iveren Shaguy. All images were gottem from Google and are not mine.
  </p>
</div>
`;
