// Jest Snapshot v1, https://goo.gl/fbAQLP

exports[`OrderDetails renders correctly: Caterer OrderDetails 1`] = `
<React.Fragment>
  <Connect(CatererOrderDetails)
    type="caterer"
    user={
      Object {
        "businessAddress": "$, Herbert Macaulay Way, Yaba, Lagos",
        "businessName": "Food Circle",
        "businessPhoneNo": "08166557788",
        "email": "food@circle.com",
        "id": "a09a5570-a3b2-4e21-94c3-5cf483dbd1ac",
        "role": "caterer",
      }
    }
  />
</React.Fragment>
`;

exports[`OrderDetails renders correctly: Customer OrderDetails 1`] = `
<React.Fragment>
  <Connect(CustomerOrderDetails)
    type="customer"
    user={
      Object {
        "email": "emiola@olasanmi.com",
        "firstname": "Emiola",
        "id": "a09a5570-a3b2-4e21-94c3-5cf483dbd1ac",
        "lastname": "Olasanmi",
        "role": "customer",
      }
    }
  />
</React.Fragment>
`;
