// Jest Snapshot v1, https://goo.gl/fbAQLP

exports[`Menu renders correctly: Caterer Menu 1`] = `
<React.Fragment>
  <Connect(CatererMenu)
    type="caterer"
    user={
      Object {
        "address": "$, Herbert Macaulay Way, Yaba, Lagos",
        "businessName": "Food Circle",
        "email": "food@circle.com",
        "id": "a09a5570-a3b2-4e21-94c3-5cf483dbd1ac",
        "phoneNo": "08166557788",
        "role": "caterer",
      }
    }
  />
</React.Fragment>
`;

exports[`Menu renders correctly: Customer Menu 1`] = `
<React.Fragment>
  <Connect(CustomerMenu)
    type="customer"
    user={
      Object {
        "email": "emiola@olasanmi.com",
        "firstname": "Emiola",
        "id": "a09a5570-a3b2-4e21-94c3-5cf483dbd1ac",
        "lastname": "Olasanmi",
        "role": "customer",
      }
    }
  />
</React.Fragment>
`;
